// Jest Snapshot v1, https://goo.gl/fbAQLP

exports[`Testing -> TextInput to get snapshot 1`] = `
<div
  className="relative undefined"
>
  <input
    className="false inputBox undefined"
    data-testid="test1"
    onClick={[Function]}
    onKeyDown={[Function]}
    type="text"
    value="aftershoot"
  />
</div>
`;
